../Core/Src/main.c:75:6:HAL_GPIO_EXTI_Callback	16	static
../Core/Src/main.c:82:6:RS485_SetTransmit	8	static
../Core/Src/main.c:86:6:RS485_SetReceive	8	static
../Core/Src/main.c:90:6:HAL_UART_IDLE_Callback	32	static
../Core/Src/main.c:118:5:main	16	static
../Core/Src/main.c:178:6:SystemClock_Config	72	static
../Core/Src/main.c:215:13:MX_SPI1_Init	8	static
../Core/Src/main.c:253:13:MX_USART2_UART_Init	8	static
../Core/Src/main.c:284:13:MX_DMA_Init	16	static
../Core/Src/main.c:302:13:MX_GPIO_Init	40	static
../Core/Src/main.c:365:6:Error_Handler	4	static,ignoring_inline_asm
