../Core/Src/main.c:76:6:HAL_GPIO_EXTI_Callback	16	static
../Core/Src/main.c:83:6:RS485_SetTransmit	8	static
../Core/Src/main.c:87:6:RS485_SetReceive	8	static
../Core/Src/main.c:91:6:HAL_UART_IDLE_Callback	24	static
../Core/Src/main.c:110:5:main	24	static
../Core/Src/main.c:195:6:SystemClock_Config	72	static
../Core/Src/main.c:232:13:MX_SPI1_Init	8	static
../Core/Src/main.c:270:13:MX_USART2_UART_Init	8	static
../Core/Src/main.c:301:13:MX_DMA_Init	16	static
../Core/Src/main.c:319:13:MX_GPIO_Init	40	static
../Core/Src/main.c:382:6:Error_Handler	4	static,ignoring_inline_asm
