ERC report (2026-08-05T18:06:00+0300, Encoding UTF8)

***** Sheet /
[lib_symbol_issues]: The current configuration does not include the symbol library 'Mux_Analog'
    ; warning
    @(3800 mils, 3150 mils): Symbol U3 [ADG706]
[lib_symbol_issues]: The current configuration does not include the symbol library 'Mux_Analog'
    ; warning
    @(6850 mils, 3100 mils): Symbol U4 [ADG706]
[lib_symbol_issues]: The current configuration does not include the symbol library 'Mux_Analog'
    ; warning
    @(10450 mils, 3150 mils): Symbol U5 [ADG706]
[lib_symbol_issues]: The current configuration does not include the symbol library 'Mux_Analog'
    ; warning
    @(13300 mils, 3150 mils): Symbol U6 [ADG706]
[lib_symbol_issues]: The symbol library 'ADC_SIGMA_DELTA_TI_ADS' was not found at 'C:/Users/lenovo/Desktop/RTD_Design/RTD/ADC_SIGMA_DELTA_TI_ADS.kicad_sym'.
    ; warning
    @(16350 mils, 2400 mils): Symbol ADS1 [ADS1248]
[lib_symbol_issues]: The symbol library 'DC_DC_CONVERTER_XP_POWER_SDT' was not found at 'C:/Users/lenovo/Desktop/RTD_Design/RTD/DC_DC_CONVERTER_XP_POWER_SDT.kicad_sym'.
    ; warning
    @(3100 mils, 1700 mils): Symbol SDT1 [SDT01F24D3V3]

***** Sheet /MCU/

***** Sheet /Comms_Interface/

***** Sheet /Analog_Front_End/

***** Sheet /Power_Supply/

***** Sheet /Non_Volatile_Memory/

 ** ERC messages: 6  Errors 0  Warnings 6
