2025-11-01 09:42:52,304 [INFO] Activator:176 - 


2025-11-01 09:42:52,309 [INFO] Activator:177 - !SESSION log4j initialized
2025-11-01 09:42:57,762 [INFO] LogOutputStream:77 - [STDOUT_REDIRECT] 
2025-11-01 09:43:09,126 [INFO] ApplicationProperties:184 - Using Application install path: /opt/st/stm32cubeide_1.19.0/plugins/com.st.stm32cube.common.mx_6.15.0.202507011659
2025-11-01 09:43:09,190 [INFO] DbMcusXml:78 - Set database path to: /opt/st/stm32cubeide_1.19.0/plugins/com.st.stm32cube.common.mx_6.15.0.202507011659//db//mcu/
2025-11-01 09:43:09,191 [INFO] ApiDb:274 - Set plugin database path to: /opt/st/stm32cubeide_1.19.0/plugins/com.st.stm32cube.common.mx_6.15.0.202507011659//db//plugins/boardmanager/
2025-11-01 09:43:09,193 [WARN] ApiDb:259 - Overriding images path with different value:  => /opt/st/stm32cubeide_1.19.0/plugins/com.st.stm32cube.common.mx_6.15.0.202507011659//db//plugins/mcufinder/images/
2025-11-01 09:43:09,216 [INFO] ApiDb:250 - Set database path to: /home/pc/.stmcufinder/plugins/mcufinder//mcu/
2025-11-01 09:43:09,221 [INFO] DbMcusAds:125 - Set database path to: /home/pc/.stmcufinder/plugins/mcufinder//mcu/
2025-11-01 09:43:09,247 [INFO] CrossReferenceDbSqlite:203 - Set database path to: /home/pc/.stmcufinder/plugins/mcufinder//mcu/cs/
2025-11-01 09:43:09,854 [INFO] RulesReader:64 - Compatibility file has been processed (317 Rules)
2025-11-01 09:43:10,151 [INFO] DbMcusXml:78 - Set database path to: /opt/st/stm32cubeide_1.19.0/plugins/com.st.stm32cube.common.mx_6.15.0.202507011659//db//mcu/
2025-11-01 09:43:10,152 [INFO] ApiDb:274 - Set plugin database path to: /opt/st/stm32cubeide_1.19.0/plugins/com.st.stm32cube.common.mx_6.15.0.202507011659//db//plugins/boardmanager/
2025-11-01 09:43:10,153 [INFO] ApiDb:261 - Set plugin images path to: /opt/st/stm32cubeide_1.19.0/plugins/com.st.stm32cube.common.mx_6.15.0.202507011659//db//plugins/mcufinder/images/
2025-11-01 09:43:10,154 [WARN] DbFile:41 - Overriding database path with different value: /home/pc/.stmcufinder/plugins/mcufinder/ => /home/pc/.stmcufinder/plugins/mcufinder
2025-11-01 09:43:10,155 [INFO] ApiDb:250 - Set database path to: /home/pc/.stmcufinder/plugins/mcufinder//mcu/
2025-11-01 09:43:10,155 [WARN] DbFile:41 - Overriding database path with different value: /home/pc/.stmcufinder/plugins/mcufinder/ => /home/pc/.stmcufinder/plugins/mcufinder
2025-11-01 09:43:10,156 [INFO] DbMcusAds:125 - Set database path to: /home/pc/.stmcufinder/plugins/mcufinder//mcu/
2025-11-01 09:43:10,157 [WARN] DbFile:41 - Overriding database path with different value: /home/pc/.stmcufinder/plugins/mcufinder/ => /home/pc/.stmcufinder/plugins/mcufinder
2025-11-01 09:43:10,157 [WARN] DbFile:41 - Overriding database path with different value: /home/pc/.stmcufinder/plugins/mcufinder/ => /home/pc/.stmcufinder/plugins/mcufinder
2025-11-01 09:43:10,158 [INFO] CrossReferenceDbSqlite:203 - Set database path to: /home/pc/.stmcufinder/plugins/mcufinder//mcu/cs/
2025-11-01 09:43:10,487 [INFO] MainPanel:274 - HeapMemory: 268435456
2025-11-01 09:43:11,518 [INFO] DbMcusXml:78 - Set database path to: /opt/st/stm32cubeide_1.19.0/plugins/com.st.stm32cube.common.mx_6.15.0.202507011659//db//mcu/
2025-11-01 09:43:11,519 [INFO] ApiDb:274 - Set plugin database path to: /opt/st/stm32cubeide_1.19.0/plugins/com.st.stm32cube.common.mx_6.15.0.202507011659//db//plugins/boardmanager/
2025-11-01 09:43:11,520 [INFO] ApiDb:261 - Set plugin images path to: /opt/st/stm32cubeide_1.19.0/plugins/com.st.stm32cube.common.mx_6.15.0.202507011659//db//plugins/mcufinder/images/
2025-11-01 09:43:11,522 [WARN] DbFile:41 - Overriding database path with different value: /home/pc/.stmcufinder/plugins/mcufinder/ => /home/pc/.stmcufinder/plugins/mcufinder
2025-11-01 09:43:11,523 [INFO] ApiDb:250 - Set database path to: /home/pc/.stmcufinder/plugins/mcufinder//mcu/
2025-11-01 09:43:11,523 [WARN] DbFile:41 - Overriding database path with different value: /home/pc/.stmcufinder/plugins/mcufinder/ => /home/pc/.stmcufinder/plugins/mcufinder
2025-11-01 09:43:11,524 [INFO] DbMcusAds:125 - Set database path to: /home/pc/.stmcufinder/plugins/mcufinder//mcu/
2025-11-01 09:43:11,524 [WARN] DbFile:41 - Overriding database path with different value: /home/pc/.stmcufinder/plugins/mcufinder/ => /home/pc/.stmcufinder/plugins/mcufinder
2025-11-01 09:43:11,525 [WARN] DbFile:41 - Overriding database path with different value: /home/pc/.stmcufinder/plugins/mcufinder/ => /home/pc/.stmcufinder/plugins/mcufinder
2025-11-01 09:43:11,525 [INFO] CrossReferenceDbSqlite:203 - Set database path to: /home/pc/.stmcufinder/plugins/mcufinder//mcu/cs/
2025-11-01 09:43:11,588 [INFO] ApplicationProperties:184 - Using Application install path: /opt/st/stm32cubeide_1.19.0/plugins/com.st.stm32cube.common.mx_6.15.0.202507011659
2025-11-01 09:43:11,594 [INFO] PluginManage:196 - Search for loadable plugins [exclusion list=, ]
2025-11-01 09:43:11,599 [INFO] PluginManage:310 - Check plugin analytics
2025-11-01 09:43:12,451 [INFO] AnalyticsPlugin:253 - Accepted Software Licenses: 
2025-11-01 09:43:12,452 [INFO] AnalyticsPlugin:255 - Accepted CMSIS Pack Licenses: 
2025-11-01 09:43:12,453 [INFO] AnalyticsPlugin:257 - Accepted Firmware Licenses: 
2025-11-01 09:43:12,464 [INFO] PluginManage:359 - Loaded plugin analytics (category:tool,tabindex:-1)
2025-11-01 09:43:12,465 [INFO] PluginManage:310 - Check plugin cadmodel
2025-11-01 09:43:12,479 [INFO] CADModel:105 - Init CAD model plugin
2025-11-01 09:43:12,480 [INFO] PluginManage:359 - Loaded plugin cadmodel (category:power,tabindex:5)
2025-11-01 09:43:12,481 [INFO] PluginManage:310 - Check plugin clock
2025-11-01 09:43:12,511 [INFO] PluginManage:359 - Loaded plugin clock (category:base,tabindex:2)
2025-11-01 09:43:12,512 [INFO] PluginManage:310 - Check plugin ddr
2025-11-01 09:43:12,518 [INFO] PluginManage:359 - Loaded plugin ddr (category:tool,tabindex:6)
2025-11-01 09:43:12,519 [INFO] PluginManage:310 - Check plugin filemanager
2025-11-01 09:43:13,131 [INFO] PluginManage:359 - Loaded plugin filemanager (category:base,tabindex:10)
2025-11-01 09:43:13,132 [INFO] PluginManage:310 - Check plugin ipmanager
2025-11-01 09:43:13,211 [INFO] PluginManage:359 - Loaded plugin ipmanager (category:base,tabindex:5)
2025-11-01 09:43:13,213 [INFO] PluginManage:310 - Check plugin lpbam
2025-11-01 09:43:13,301 [INFO] PluginManage:359 - Loaded plugin lpbam (category:base,tabindex:0)
2025-11-01 09:43:13,305 [INFO] PluginManage:310 - Check plugin memorymap
2025-11-01 09:43:13,386 [INFO] PluginManage:359 - Loaded plugin memorymap (category:base,tabindex:4)
2025-11-01 09:43:13,387 [INFO] PluginManage:310 - Check plugin pinoutandconfiguration
2025-11-01 09:43:13,414 [INFO] PluginManage:359 - Loaded plugin pinoutandconfiguration (category:base,tabindex:1)
2025-11-01 09:43:13,415 [INFO] PluginManage:310 - Check plugin pinoutconfig
2025-11-01 09:43:13,728 [WARN] SupportedApi:132 - Cannot load RTOS API schema: s4s-elt-must-match.1: The content of 'definitions' must match (annotation?, (simpleType | complexType)?, (unique | key | keyref)*)). A problem was found starting at: attribute.
2025-11-01 09:43:14,259 [INFO] PluginManage:359 - Loaded plugin pinoutconfig (category:base,tabindex:0)
2025-11-01 09:43:14,259 [INFO] PluginManage:310 - Check plugin power
2025-11-01 09:43:14,292 [INFO] PluginManage:359 - Loaded plugin power (category:power,tabindex:4)
2025-11-01 09:43:14,293 [INFO] PluginManage:310 - Check plugin projectmanager
2025-11-01 09:43:14,358 [INFO] PluginManage:359 - Loaded plugin projectmanager (category:projectmanager,tabindex:4)
2025-11-01 09:43:14,359 [INFO] PluginManage:310 - Check plugin rif
2025-11-01 09:43:14,384 [INFO] PluginManage:359 - Loaded plugin rif (category:base,tabindex:3)
2025-11-01 09:43:14,385 [INFO] PluginManage:310 - Check plugin thirdparty
2025-11-01 09:43:14,914 [WARN] IntegrityCheckThread:84 - waiting for thirdparty lock release [integrity check]
2025-11-01 09:43:14,916 [INFO] PluginManage:359 - Loaded plugin thirdparty (category:base,tabindex:-1)
2025-11-01 09:43:14,916 [INFO] IntegrityCheckThread:86 - entering critical section [integrity check]
2025-11-01 09:43:14,916 [INFO] PluginManage:310 - Check plugin tools
2025-11-01 09:43:14,918 [INFO] ThirdPartyUpdaterWithRetryManager:70 - Updater plugin not ready yet. [1/15]
2025-11-01 09:43:14,926 [INFO] PluginManage:359 - Loaded plugin tools (category:base,tabindex:7)
2025-11-01 09:43:14,926 [INFO] PluginManage:310 - Check plugin tutovideos
2025-11-01 09:43:15,725 [INFO] PluginManage:359 - Loaded plugin tutovideos (category:base,tabindex:-1)
2025-11-01 09:43:15,725 [INFO] PluginManage:310 - Check plugin updater
2025-11-01 09:43:15,816 [INFO] PluginManage:359 - Loaded plugin updater (category:base,tabindex:12)
2025-11-01 09:43:15,816 [INFO] PluginManage:310 - Check plugin userauth
2025-11-01 09:43:15,831 [INFO] UserAuth:118 - Init User Auth plugin
2025-11-01 09:43:15,834 [INFO] PluginManage:359 - Loaded plugin userauth (category:base,tabindex:14)
2025-11-01 09:43:15,836 [INFO] PluginManage:283 - PluginManage : Loaded plugins [18]
2025-11-01 09:43:16,609 [INFO] PinOutPanel:1589 - setPackage(No Configuration,No Configuration)
2025-11-01 09:43:16,895 [INFO] CADModel:165 - CPN selected for project level
2025-11-01 09:43:16,896 [INFO] CADModel:114 - Register for checkConnection events
2025-11-01 09:43:16,958 [INFO] IPUIPlugin:80 - create IPUIPlugin
2025-11-01 09:43:16,959 [INFO] PluginManager:220 - loadIPPluginJar : add fmc
2025-11-01 09:43:16,983 [INFO] IPUIPlugin:80 - create IPUIPlugin
2025-11-01 09:43:16,986 [INFO] PluginManager:220 - loadIPPluginJar : add mdma
2025-11-01 09:43:16,998 [INFO] IPUIPlugin:80 - create IPUIPlugin
2025-11-01 09:43:16,999 [INFO] PluginManager:220 - loadIPPluginJar : add ipddr
2025-11-01 09:43:17,010 [INFO] IPUIPlugin:80 - create IPUIPlugin
2025-11-01 09:43:17,012 [INFO] PluginManager:220 - loadIPPluginJar : add radio
2025-11-01 09:43:17,018 [INFO] IPUIPlugin:80 - create IPUIPlugin
2025-11-01 09:43:17,019 [INFO] PluginManager:220 - loadIPPluginJar : add quadspi
2025-11-01 09:43:17,025 [INFO] IPUIPlugin:80 - create IPUIPlugin
2025-11-01 09:43:17,026 [INFO] PluginManager:220 - loadIPPluginJar : add tsc
2025-11-01 09:43:17,039 [INFO] IPUIPlugin:80 - create IPUIPlugin
2025-11-01 09:43:17,039 [INFO] PluginManager:220 - loadIPPluginJar : add resmgrutility
2025-11-01 09:43:17,050 [INFO] IPUIPlugin:80 - create IPUIPlugin
2025-11-01 09:43:17,052 [INFO] PluginManager:220 - loadIPPluginJar : add openamp
2025-11-01 09:43:17,063 [INFO] IPUIPlugin:80 - create IPUIPlugin
2025-11-01 09:43:17,064 [INFO] PluginManager:220 - loadIPPluginJar : add gtzc
2025-11-01 09:43:17,071 [INFO] IPUIPlugin:80 - create IPUIPlugin
2025-11-01 09:43:17,072 [INFO] PluginManager:220 - loadIPPluginJar : add tracer_emb
2025-11-01 09:43:17,091 [INFO] IPUIPlugin:80 - create IPUIPlugin
2025-11-01 09:43:17,094 [INFO] PluginManager:220 - loadIPPluginJar : add gpio
2025-11-01 09:43:17,105 [INFO] IPUIPlugin:80 - create IPUIPlugin
2025-11-01 09:43:17,106 [INFO] PluginManager:220 - loadIPPluginJar : add i3c
2025-11-01 09:43:17,127 [INFO] IPUIPlugin:80 - create IPUIPlugin
2025-11-01 09:43:17,128 [INFO] PluginManager:220 - loadIPPluginJar : add dma
2025-11-01 09:43:17,136 [INFO] IPUIPlugin:80 - create IPUIPlugin
2025-11-01 09:43:17,137 [INFO] PluginManager:220 - loadIPPluginJar : add cryp
2025-11-01 09:43:17,162 [INFO] IPUIPlugin:80 - create IPUIPlugin
2025-11-01 09:43:17,163 [INFO] PluginManager:220 - loadIPPluginJar : add linkedlist
2025-11-01 09:43:17,187 [INFO] IPUIPlugin:80 - create IPUIPlugin
2025-11-01 09:43:17,188 [INFO] PluginManager:220 - loadIPPluginJar : add stm32_wpan
2025-11-01 09:43:17,198 [INFO] IPUIPlugin:80 - create IPUIPlugin
2025-11-01 09:43:17,198 [INFO] PluginManager:220 - loadIPPluginJar : add can
2025-11-01 09:43:17,203 [INFO] IPUIPlugin:80 - create IPUIPlugin
2025-11-01 09:43:17,204 [INFO] PluginManager:220 - loadIPPluginJar : add comp
2025-11-01 09:43:17,210 [INFO] IPUIPlugin:80 - create IPUIPlugin
2025-11-01 09:43:17,211 [INFO] PluginManager:220 - loadIPPluginJar : add fatfs
2025-11-01 09:43:17,236 [INFO] IPUIPlugin:80 - create IPUIPlugin
2025-11-01 09:43:17,248 [INFO] PluginManager:220 - loadIPPluginJar : add plateformsettings
2025-11-01 09:43:17,258 [INFO] IPUIPlugin:80 - create IPUIPlugin
2025-11-01 09:43:17,260 [INFO] PluginManager:220 - loadIPPluginJar : add ddr_ctrl_phy
2025-11-01 09:43:17,266 [INFO] IPUIPlugin:80 - create IPUIPlugin
2025-11-01 09:43:17,267 [INFO] PluginManager:220 - loadIPPluginJar : add ucpd
2025-11-01 09:43:17,273 [INFO] IPUIPlugin:80 - create IPUIPlugin
2025-11-01 09:43:17,274 [INFO] PluginManager:220 - loadIPPluginJar : add genericplugin
2025-11-01 09:43:17,282 [INFO] IPUIPlugin:80 - create IPUIPlugin
2025-11-01 09:43:17,283 [INFO] PluginManager:220 - loadIPPluginJar : add dma3
2025-11-01 09:43:17,289 [INFO] IPUIPlugin:80 - create IPUIPlugin
2025-11-01 09:43:17,290 [INFO] PluginManager:220 - loadIPPluginJar : add ltdc
2025-11-01 09:43:17,304 [INFO] IPUIPlugin:80 - create IPUIPlugin
2025-11-01 09:43:17,305 [INFO] PluginManager:220 - loadIPPluginJar : add nvic
2025-11-01 09:43:17,316 [INFO] IPUIPlugin:80 - create IPUIPlugin
2025-11-01 09:43:17,317 [INFO] PluginManager:220 - loadIPPluginJar : add i2c
2025-11-01 09:43:17,324 [INFO] IPUIPlugin:80 - create IPUIPlugin
2025-11-01 09:43:17,325 [INFO] PluginManager:220 - loadIPPluginJar : add tim
2025-11-01 09:43:17,333 [INFO] IPUIPlugin:80 - create IPUIPlugin
2025-11-01 09:43:17,334 [INFO] PluginManager:220 - loadIPPluginJar : add gfxmmu
2025-11-01 09:43:17,345 [INFO] IPUIPlugin:80 - create IPUIPlugin
2025-11-01 09:43:17,346 [INFO] PluginManager:220 - loadIPPluginJar : add opamp
2025-11-01 09:43:17,355 [INFO] IPUIPlugin:80 - create IPUIPlugin
2025-11-01 09:43:17,356 [INFO] PluginManager:220 - loadIPPluginJar : add hash
2025-11-01 09:43:17,365 [INFO] IPUIPlugin:80 - create IPUIPlugin
2025-11-01 09:43:17,365 [INFO] PluginManager:220 - loadIPPluginJar : add pdm2pcm
2025-11-01 09:43:17,374 [INFO] IPUIPlugin:80 - create IPUIPlugin
2025-11-01 09:43:17,374 [INFO] PluginManager:220 - loadIPPluginJar : add usbx
2025-11-01 09:43:17,381 [INFO] IPUIPlugin:80 - create IPUIPlugin
2025-11-01 09:43:17,381 [INFO] PluginManager:220 - loadIPPluginJar : add spi
2025-11-01 09:43:17,390 [INFO] IPUIPlugin:80 - create IPUIPlugin
2025-11-01 09:43:17,391 [INFO] PluginManager:220 - loadIPPluginJar : add touchsensing
2025-11-01 09:43:17,400 [INFO] IPUIPlugin:80 - create IPUIPlugin
2025-11-01 09:43:17,400 [INFO] PluginManager:220 - loadIPPluginJar : add sai
2025-11-01 09:43:17,415 [INFO] IPUIPlugin:80 - create IPUIPlugin
2025-11-01 09:43:17,416 [INFO] PluginManager:220 - loadIPPluginJar : add gic
2025-11-01 09:43:17,424 [INFO] IPUIPlugin:80 - create IPUIPlugin
2025-11-01 09:43:17,425 [INFO] PluginManager:220 - loadIPPluginJar : add extmemmanager
2025-11-01 09:43:17,431 [INFO] IPUIPlugin:80 - create IPUIPlugin
2025-11-01 09:43:17,432 [INFO] PluginManager:220 - loadIPPluginJar : add dfsdm
2025-11-01 09:43:17,439 [INFO] IPUIPlugin:80 - create IPUIPlugin
2025-11-01 09:43:17,440 [INFO] PluginManager:220 - loadIPPluginJar : add usart
2025-11-01 09:43:17,457 [INFO] IPUIPlugin:80 - create IPUIPlugin
2025-11-01 09:43:17,458 [INFO] PluginManager:220 - loadIPPluginJar : add adc
2025-11-01 09:43:17,464 [INFO] IPUIPlugin:80 - create IPUIPlugin
2025-11-01 09:43:17,465 [INFO] PluginManager:220 - loadIPPluginJar : add aes
2025-11-01 09:43:17,470 [INFO] IPUIPlugin:80 - create IPUIPlugin
2025-11-01 09:43:17,471 [INFO] PluginManager:220 - loadIPPluginJar : add ts
2025-11-01 09:43:17,489 [INFO] IPUIPlugin:80 - create IPUIPlugin
2025-11-01 09:43:17,490 [INFO] PluginManager:220 - loadIPPluginJar : add freertos
2025-11-01 09:43:17,501 [INFO] IPUIPlugin:80 - create IPUIPlugin
2025-11-01 09:43:17,502 [INFO] PluginManager:220 - loadIPPluginJar : add lorawan
2025-11-01 09:43:17,510 [INFO] IPUIPlugin:80 - create IPUIPlugin
2025-11-01 09:43:17,511 [INFO] PluginManager:220 - loadIPPluginJar : add i2s
2025-11-01 09:43:17,756 [FATAL] Updater:351 - Updater called before beeing initialized
2025-11-01 09:43:17,855 [INFO] RulesReader:64 - Compatibility file has been processed (317 Rules)
2025-11-01 09:43:17,905 [INFO] RulesReader:64 - Compatibility file has been processed (317 Rules)
2025-11-01 09:43:17,919 [INFO] ThirdPartyUpdaterWithRetryManager:70 - Updater plugin not ready yet. [2/15]
2025-11-01 09:43:17,928 [INFO] CADModel:165 - CPN selected for project level
2025-11-01 09:43:17,929 [INFO] CADModel:114 - Register for checkConnection events
2025-11-01 09:43:17,929 [FATAL] Updater:351 - Updater called before beeing initialized
2025-11-01 09:43:17,930 [ERROR] CADModel:125 - Updater not yet initialized, retry later 
2025-11-01 09:43:18,331 [FATAL] Updater:351 - Updater called before beeing initialized
2025-11-01 09:43:18,335 [INFO] CADModel:165 - CPN selected for project level
2025-11-01 09:43:18,335 [INFO] CADModel:114 - Register for checkConnection events
2025-11-01 09:43:18,335 [FATAL] Updater:351 - Updater called before beeing initialized
2025-11-01 09:43:18,336 [ERROR] CADModel:125 - Updater not yet initialized, retry later 
2025-11-01 09:43:18,344 [FATAL] Updater:351 - Updater called before beeing initialized
2025-11-01 09:43:18,616 [FATAL] Updater:351 - Updater called before beeing initialized
2025-11-01 09:43:18,634 [INFO] DbMcusAds:53 - JSON generation date=Tue Jul 08 11:14:23 EAT 2025 (1751962463582)
2025-11-01 09:43:18,635 [FATAL] Updater:351 - Updater called before beeing initialized
2025-11-01 09:43:18,788 [WARN] DetailPanel:346 - Failed to get advertising image, set to default
2025-11-01 09:43:19,106 [FATAL] Updater:351 - Updater called before beeing initialized
2025-11-01 09:43:19,117 [FATAL] Updater:351 - Updater called before beeing initialized
2025-11-01 09:43:19,117 [FATAL] Updater:351 - Updater called before beeing initialized
2025-11-01 09:43:19,118 [WARN] DetailPanel:346 - Failed to get advertising image, set to default
2025-11-01 09:43:19,127 [FATAL] Updater:351 - Updater called before beeing initialized
2025-11-01 09:43:19,397 [ERROR] Updater:1198 - MainUpdater not yet initialized. External WinMGr cannot be set.
2025-11-01 09:43:19,403 [INFO] Updater:1134 - Updater Version found : 6.15.0
2025-11-01 09:43:19,510 [INFO] ApplicationProperties:184 - Using Application install path: /opt/st/stm32cubeide_1.19.0/plugins/com.st.stm32cube.common.mx_6.15.0.202507011659
2025-11-01 09:43:19,573 [ERROR] LogOutputStream:75 - [STDERR_REDIRECT] Nov 01, 2025 9:43:19 AM java.util.prefs.FileSystemPreferences$2 run
2025-11-01 09:43:19,574 [ERROR] LogOutputStream:75 - [STDERR_REDIRECT] WARNING: Could not create system preferences directory. System preferences are unusable.
2025-11-01 09:43:19,575 [ERROR] LogOutputStream:75 - [STDERR_REDIRECT] 
2025-11-01 09:43:20,524 [INFO] MainUpdater:2872 - connection check result : 10
2025-11-01 09:43:20,525 [INFO] MainUpdater:3604 - Updater definition file requires update
2025-11-01 09:43:20,527 [INFO] MainUpdater:289 - Updater Check For Update Now.
2025-11-01 09:43:20,528 [INFO] MicroXplorer:498 - Change Database Version : DB.6.0.150
2025-11-01 09:43:20,546 [INFO] McuFinderGlobals:63 - Set McuFinder mode to 2 (CubeIDE integrated)
2025-11-01 09:43:20,546 [INFO] UserAuth:171 - activating auth plugin
2025-11-01 09:43:20,558 [INFO] UserAuth:487 - Internet connection configuration mode: 1
2025-11-01 09:43:20,608 [INFO] JxBrowserEngine:152 - Initiate JxBrowser Engine with user profile folder
2025-11-01 09:43:20,920 [WARN] MainUpdater:1193 - Updater busy. Cannot search thirdparties
2025-11-01 09:43:20,921 [INFO] ThirdPartyUpdaterWithRetryManager:96 - Updater plugin is busy. [1/15]
2025-11-01 09:43:22,161 [INFO] ServerAccessManage:452 - Complete download http(s) 200
2025-11-01 09:43:22,165 [INFO] ServerAccessManage:509 - Download File updaters.zip
2025-11-01 09:43:22,528 [INFO] FileExtend:248 - Unzip File : updaters.zip
2025-11-01 09:43:22,529 [INFO] FileExtend:263 - Standard Zip Deflate
2025-11-01 09:43:22,772 [ERROR] LogOutputStream:75 - [STDERR_REDIRECT] Nov 01, 2025 9:43:22 AM java.util.prefs.FileSystemPreferences checkLockFile0ErrorCode
2025-11-01 09:43:22,783 [ERROR] LogOutputStream:75 - [STDERR_REDIRECT] WARNING: Could not lock System prefs. Unix error code 2.
2025-11-01 09:43:22,790 [ERROR] LogOutputStream:75 - [STDERR_REDIRECT] 
2025-11-01 09:43:22,797 [ERROR] LogOutputStream:75 - [STDERR_REDIRECT] Nov 01, 2025 9:43:22 AM java.util.prefs.FileSystemPreferences syncWorld
2025-11-01 09:43:22,798 [ERROR] LogOutputStream:75 - [STDERR_REDIRECT] WARNING: Couldn't flush system prefs: java.util.prefs.BackingStoreException: Couldn't get file lock.
2025-11-01 09:43:22,799 [ERROR] LogOutputStream:75 - [STDERR_REDIRECT] 
2025-11-01 09:43:23,922 [WARN] MainUpdater:1193 - Updater busy. Cannot search thirdparties
2025-11-01 09:43:23,924 [INFO] ThirdPartyUpdaterWithRetryManager:96 - Updater plugin is busy. [2/15]
2025-11-01 09:43:24,349 [INFO] ServerAccessManage:452 - Complete download http(s) 200
2025-11-01 09:43:24,351 [INFO] ServerAccessManage:509 - Download File PacksControlFlags.xml
2025-11-01 09:43:24,857 [INFO] WebApp:169 - Instantiating new browser for Auth
2025-11-01 09:43:26,093 [INFO] ServerAccessManage:452 - Complete download http(s) 200
2025-11-01 09:43:26,094 [INFO] ServerAccessManage:509 - Download File cubemx.pidx
2025-11-01 09:43:26,926 [WARN] MainUpdater:1193 - Updater busy. Cannot search thirdparties
2025-11-01 09:43:26,926 [INFO] ThirdPartyUpdaterWithRetryManager:96 - Updater plugin is busy. [3/15]
2025-11-01 09:43:28,656 [INFO] ServerAccessManage:452 - Complete download http(s) 200
2025-11-01 09:43:28,656 [INFO] ServerAccessManage:509 - Download File STMicroelectronics.FP-SNS-MOTENV1.pdsc
2025-11-01 09:43:28,753 [INFO] WebApp:463 - Apply proxy settings
2025-11-01 09:43:28,754 [INFO] WebApp:548 - Chromium requires no authentication
2025-11-01 09:43:28,786 [INFO] WebApp:491 - Direct internet connection detected
2025-11-01 09:43:28,875 [INFO] WebApp:900 - Register for checkConnection events
2025-11-01 09:43:28,875 [INFO] WebApp:463 - Apply proxy settings
2025-11-01 09:43:28,876 [INFO] WebApp:548 - Chromium requires no authentication
2025-11-01 09:43:28,879 [INFO] WebApp:491 - Direct internet connection detected
2025-11-01 09:43:29,510 [INFO] WebApp:191 - Connection restablished
2025-11-01 09:43:29,540 [INFO] WebApp:225 - Starting web application
2025-11-01 09:43:29,540 [INFO] WebApp:593 - Web application path used /opt/st/stm32cubeide_1.19.0/plugins/com.st.stm32cube.common.mx_6.15.0.202507011659/db/plugins/mcufinder/reactClient1/index.html
2025-11-01 09:43:29,927 [WARN] MainUpdater:1193 - Updater busy. Cannot search thirdparties
2025-11-01 09:43:29,928 [INFO] ThirdPartyUpdaterWithRetryManager:96 - Updater plugin is busy. [4/15]
2025-11-01 09:43:32,930 [WARN] MainUpdater:1193 - Updater busy. Cannot search thirdparties
2025-11-01 09:43:32,930 [INFO] ThirdPartyUpdaterWithRetryManager:96 - Updater plugin is busy. [5/15]
2025-11-01 09:43:35,250 [INFO] ServerAccessManage:452 - Complete download http(s) 200
2025-11-01 09:43:35,251 [INFO] ServerAccessManage:509 - Download File STMicroelectronics.X-CUBE-GNSS1.pdsc
2025-11-01 09:43:35,932 [WARN] MainUpdater:1193 - Updater busy. Cannot search thirdparties
2025-11-01 09:43:35,933 [INFO] ThirdPartyUpdaterWithRetryManager:96 - Updater plugin is busy. [6/15]
2025-11-01 09:43:38,934 [WARN] MainUpdater:1193 - Updater busy. Cannot search thirdparties
2025-11-01 09:43:38,934 [INFO] ThirdPartyUpdaterWithRetryManager:96 - Updater plugin is busy. [7/15]
2025-11-01 09:43:41,936 [WARN] MainUpdater:1193 - Updater busy. Cannot search thirdparties
2025-11-01 09:43:41,937 [INFO] ThirdPartyUpdaterWithRetryManager:96 - Updater plugin is busy. [8/15]
2025-11-01 09:43:44,609 [ERROR] ServerAccessManage:1212 - Problem, file not found on Server
2025-11-01 09:43:44,938 [WARN] MainUpdater:1193 - Updater busy. Cannot search thirdparties
2025-11-01 09:43:44,938 [INFO] ThirdPartyUpdaterWithRetryManager:96 - Updater plugin is busy. [9/15]
2025-11-01 09:43:45,298 [ERROR] ServerAccessManage:1212 - Problem, file not found on Server
2025-11-01 09:43:45,987 [ERROR] ServerAccessManage:1212 - Problem, file not found on Server
2025-11-01 09:43:46,707 [ERROR] ServerAccessManage:1212 - Problem, file not found on Server
2025-11-01 09:43:47,457 [ERROR] ServerAccessManage:1212 - Problem, file not found on Server
2025-11-01 09:43:47,939 [WARN] MainUpdater:1193 - Updater busy. Cannot search thirdparties
2025-11-01 09:43:47,939 [INFO] ThirdPartyUpdaterWithRetryManager:96 - Updater plugin is busy. [10/15]
2025-11-01 09:43:48,120 [ERROR] ServerAccessManage:1212 - Problem, file not found on Server
2025-11-01 09:43:48,728 [INFO] ServerAccessManage:452 - Complete download http(s) 200
2025-11-01 09:43:48,729 [INFO] ServerAccessManage:509 - Download File STMicroelectronics.X-CUBE-IPS.pdsc
2025-11-01 09:43:50,940 [WARN] MainUpdater:1193 - Updater busy. Cannot search thirdparties
2025-11-01 09:43:50,941 [INFO] ThirdPartyUpdaterWithRetryManager:96 - Updater plugin is busy. [11/15]
2025-11-01 09:43:52,738 [ERROR] LogOutputStream:75 - [STDERR_REDIRECT] Nov 01, 2025 9:43:52 AM java.util.prefs.FileSystemPreferences checkLockFile0ErrorCode
2025-11-01 09:43:52,742 [ERROR] LogOutputStream:75 - [STDERR_REDIRECT] WARNING: Could not lock System prefs. Unix error code 2.
2025-11-01 09:43:52,743 [ERROR] LogOutputStream:75 - [STDERR_REDIRECT] 
2025-11-01 09:43:52,747 [ERROR] LogOutputStream:75 - [STDERR_REDIRECT] Nov 01, 2025 9:43:52 AM java.util.prefs.FileSystemPreferences syncWorld
2025-11-01 09:43:52,751 [ERROR] LogOutputStream:75 - [STDERR_REDIRECT] WARNING: Couldn't flush system prefs: java.util.prefs.BackingStoreException: Couldn't get file lock.
2025-11-01 09:43:52,754 [ERROR] LogOutputStream:75 - [STDERR_REDIRECT] 
2025-11-01 09:43:52,971 [INFO] ServerAccessManage:452 - Complete download http(s) 200
2025-11-01 09:43:52,976 [INFO] ServerAccessManage:509 - Download File STMicroelectronics.X-CUBE-ST60.pdsc
2025-11-01 09:43:53,943 [WARN] MainUpdater:1193 - Updater busy. Cannot search thirdparties
2025-11-01 09:43:53,943 [INFO] ThirdPartyUpdaterWithRetryManager:96 - Updater plugin is busy. [12/15]
2025-11-01 09:43:54,967 [INFO] ServerAccessManage:452 - Complete download http(s) 200
2025-11-01 09:43:54,968 [INFO] ServerAccessManage:509 - Download File STMicroelectronics.X-CUBE-ST67W61.pdsc
2025-11-01 09:43:56,415 [INFO] ServerAccessManage:452 - Complete download http(s) 200
2025-11-01 09:43:56,419 [INFO] ServerAccessManage:509 - Download File STMicroelectronics.X-CUBE-STSE01.pdsc
2025-11-01 09:43:56,945 [WARN] MainUpdater:1193 - Updater busy. Cannot search thirdparties
2025-11-01 09:43:56,946 [INFO] ThirdPartyUpdaterWithRetryManager:96 - Updater plugin is busy. [13/15]
2025-11-01 09:43:58,430 [INFO] ServerAccessManage:452 - Complete download http(s) 200
2025-11-01 09:43:58,431 [INFO] ServerAccessManage:509 - Download File STMicroelectronics.X-CUBE-TOUCHGFX.pdsc
2025-11-01 09:43:59,947 [WARN] MainUpdater:1193 - Updater busy. Cannot search thirdparties
2025-11-01 09:43:59,949 [INFO] ThirdPartyUpdaterWithRetryManager:96 - Updater plugin is busy. [14/15]
2025-11-01 09:44:02,950 [WARN] MainUpdater:1193 - Updater busy. Cannot search thirdparties
2025-11-01 09:44:02,951 [INFO] ThirdPartyUpdaterWithRetryManager:96 - Updater plugin is busy. [15/15]
2025-11-01 09:44:02,954 [ERROR] IntegrityCheckThread:130 - Cannot retrieve database content from updater: error -1
2025-11-01 09:44:02,955 [INFO] ThirdParty:978 - Integrity check success = false
2025-11-01 09:44:02,955 [INFO] IntegrityCheckThread:100 - exiting critical section [integrity check]
2025-11-01 09:44:02,956 [INFO] IntegrityCheckThread:103 - End integrity checks thread
2025-11-01 09:44:17,976 [WARN] PackLoader:240 - Cannot read IP mode file for STMicroelectronics.FP-SNS-MOTENV1.5.1.0
2025-11-01 09:44:18,033 [WARN] PackLoader:240 - Cannot read IP mode file for STMicroelectronics.X-CUBE-GNSS1.7.1.0
2025-11-01 09:44:18,210 [WARN] PackLoader:240 - Cannot read IP mode file for STMicroelectronics.X-CUBE-IPS.3.2.0
2025-11-01 09:44:18,393 [WARN] PackLoader:240 - Cannot read IP mode file for STMicroelectronics.X-CUBE-ST60.1.1.0
2025-11-01 09:44:18,444 [WARN] PackLoader:240 - Cannot read IP mode file for STMicroelectronics.X-CUBE-ST67W61.1.1.0
2025-11-01 09:44:18,464 [INFO] CheckServerUpdateThread:120 - End of CheckServer Thread
2025-11-01 09:44:18,494 [WARN] PackLoader:240 - Cannot read IP mode file for STMicroelectronics.X-CUBE-STSE01.1.0.0
2025-11-01 09:44:18,522 [WARN] PackLoader:240 - Cannot read IP mode file for STMicroelectronics.X-CUBE-TOUCHGFX.4.26.0
2025-11-01 09:44:18,524 [INFO] PopulateThirdPartyThread:66 - Ending populate Thread
2025-11-01 09:44:18,529 [INFO] ThirdParty:1030 - CMSIS Pack Vendor :STMicroelectronics X-CUBE-ST67W61 1.1.0
2025-11-01 09:44:18,529 [INFO] ThirdParty:1030 - CMSIS Pack Vendor :STMicroelectronics X-CUBE-IPS 3.2.0
2025-11-01 09:44:18,530 [INFO] ThirdParty:1030 - CMSIS Pack Vendor :STMicroelectronics X-CUBE-ST60 1.1.0
2025-11-01 09:44:18,530 [INFO] ThirdParty:1030 - CMSIS Pack Vendor :STMicroelectronics X-CUBE-GNSS1 7.1.0
2025-11-01 09:44:18,530 [INFO] ThirdParty:1030 - CMSIS Pack Vendor :STMicroelectronics X-CUBE-TOUCHGFX 4.26.0
2025-11-01 09:44:18,531 [INFO] ThirdParty:1030 - CMSIS Pack Vendor :STMicroelectronics FP-SNS-MOTENV1 5.1.0
2025-11-01 09:44:18,531 [INFO] ThirdParty:1030 - CMSIS Pack Vendor :STMicroelectronics X-CUBE-STSE01 1.0.0
2025-11-01 09:44:18,533 [INFO] LoadServerUpdatesThread:375 - End of LoadServerUpdate Thread
2025-11-01 09:44:22,727 [ERROR] LogOutputStream:75 - [STDERR_REDIRECT] Nov 01, 2025 9:44:22 AM java.util.prefs.FileSystemPreferences checkLockFile0ErrorCode
2025-11-01 09:44:22,728 [ERROR] LogOutputStream:75 - [STDERR_REDIRECT] WARNING: Could not lock System prefs. Unix error code 2.
2025-11-01 09:44:22,729 [ERROR] LogOutputStream:75 - [STDERR_REDIRECT] 
2025-11-01 09:44:22,731 [ERROR] LogOutputStream:75 - [STDERR_REDIRECT] Nov 01, 2025 9:44:22 AM java.util.prefs.FileSystemPreferences syncWorld
2025-11-01 09:44:22,732 [ERROR] LogOutputStream:75 - [STDERR_REDIRECT] WARNING: Couldn't flush system prefs: java.util.prefs.BackingStoreException: Couldn't get file lock.
2025-11-01 09:44:22,732 [ERROR] LogOutputStream:75 - [STDERR_REDIRECT] 
2025-11-01 09:44:52,725 [ERROR] LogOutputStream:75 - [STDERR_REDIRECT] Nov 01, 2025 9:44:52 AM java.util.prefs.FileSystemPreferences checkLockFile0ErrorCode
2025-11-01 09:44:52,725 [ERROR] LogOutputStream:75 - [STDERR_REDIRECT] WARNING: Could not lock System prefs. Unix error code 2.
2025-11-01 09:44:52,726 [ERROR] LogOutputStream:75 - [STDERR_REDIRECT] 
2025-11-01 09:44:52,728 [ERROR] LogOutputStream:75 - [STDERR_REDIRECT] Nov 01, 2025 9:44:52 AM java.util.prefs.FileSystemPreferences syncWorld
2025-11-01 09:44:52,728 [ERROR] LogOutputStream:75 - [STDERR_REDIRECT] WARNING: Couldn't flush system prefs: java.util.prefs.BackingStoreException: Couldn't get file lock.
2025-11-01 09:44:52,729 [ERROR] LogOutputStream:75 - [STDERR_REDIRECT] 
2025-11-01 09:45:22,736 [ERROR] LogOutputStream:75 - [STDERR_REDIRECT] Nov 01, 2025 9:45:22 AM java.util.prefs.FileSystemPreferences checkLockFile0ErrorCode
2025-11-01 09:45:22,738 [ERROR] LogOutputStream:75 - [STDERR_REDIRECT] WARNING: Could not lock System prefs. Unix error code 2.
2025-11-01 09:45:22,741 [ERROR] LogOutputStream:75 - [STDERR_REDIRECT] 
2025-11-01 09:45:22,747 [ERROR] LogOutputStream:75 - [STDERR_REDIRECT] Nov 01, 2025 9:45:22 AM java.util.prefs.FileSystemPreferences syncWorld
2025-11-01 09:45:22,750 [ERROR] LogOutputStream:75 - [STDERR_REDIRECT] WARNING: Couldn't flush system prefs: java.util.prefs.BackingStoreException: Couldn't get file lock.
2025-11-01 09:45:22,752 [ERROR] LogOutputStream:75 - [STDERR_REDIRECT] 
2025-11-01 09:45:52,730 [ERROR] LogOutputStream:75 - [STDERR_REDIRECT] Nov 01, 2025 9:45:52 AM java.util.prefs.FileSystemPreferences checkLockFile0ErrorCode
2025-11-01 09:45:52,731 [ERROR] LogOutputStream:75 - [STDERR_REDIRECT] WARNING: Could not lock System prefs. Unix error code 2.
2025-11-01 09:45:52,732 [ERROR] LogOutputStream:75 - [STDERR_REDIRECT] 
2025-11-01 09:45:52,733 [ERROR] LogOutputStream:75 - [STDERR_REDIRECT] Nov 01, 2025 9:45:52 AM java.util.prefs.FileSystemPreferences syncWorld
2025-11-01 09:45:52,734 [ERROR] LogOutputStream:75 - [STDERR_REDIRECT] WARNING: Couldn't flush system prefs: java.util.prefs.BackingStoreException: Couldn't get file lock.
2025-11-01 09:45:52,735 [ERROR] LogOutputStream:75 - [STDERR_REDIRECT] 
2025-11-01 09:46:22,733 [ERROR] LogOutputStream:75 - [STDERR_REDIRECT] Nov 01, 2025 9:46:22 AM java.util.prefs.FileSystemPreferences checkLockFile0ErrorCode
2025-11-01 09:46:22,734 [ERROR] LogOutputStream:75 - [STDERR_REDIRECT] WARNING: Could not lock System prefs. Unix error code 2.
2025-11-01 09:46:22,735 [ERROR] LogOutputStream:75 - [STDERR_REDIRECT] 
2025-11-01 09:46:22,737 [ERROR] LogOutputStream:75 - [STDERR_REDIRECT] Nov 01, 2025 9:46:22 AM java.util.prefs.FileSystemPreferences syncWorld
2025-11-01 09:46:22,738 [ERROR] LogOutputStream:75 - [STDERR_REDIRECT] WARNING: Couldn't flush system prefs: java.util.prefs.BackingStoreException: Couldn't get file lock.
2025-11-01 09:46:22,739 [ERROR] LogOutputStream:75 - [STDERR_REDIRECT] 
2025-11-01 09:46:52,730 [ERROR] LogOutputStream:75 - [STDERR_REDIRECT] Nov 01, 2025 9:46:52 AM java.util.prefs.FileSystemPreferences checkLockFile0ErrorCode
2025-11-01 09:46:52,731 [ERROR] LogOutputStream:75 - [STDERR_REDIRECT] WARNING: Could not lock System prefs. Unix error code 2.
2025-11-01 09:46:52,732 [ERROR] LogOutputStream:75 - [STDERR_REDIRECT] 
2025-11-01 09:46:52,733 [ERROR] LogOutputStream:75 - [STDERR_REDIRECT] Nov 01, 2025 9:46:52 AM java.util.prefs.FileSystemPreferences syncWorld
2025-11-01 09:46:52,734 [ERROR] LogOutputStream:75 - [STDERR_REDIRECT] WARNING: Couldn't flush system prefs: java.util.prefs.BackingStoreException: Couldn't get file lock.
2025-11-01 09:46:52,735 [ERROR] LogOutputStream:75 - [STDERR_REDIRECT] 
2025-11-01 09:47:22,729 [ERROR] LogOutputStream:75 - [STDERR_REDIRECT] Nov 01, 2025 9:47:22 AM java.util.prefs.FileSystemPreferences checkLockFile0ErrorCode
2025-11-01 09:47:22,730 [ERROR] LogOutputStream:75 - [STDERR_REDIRECT] WARNING: Could not lock System prefs. Unix error code 2.
2025-11-01 09:47:22,731 [ERROR] LogOutputStream:75 - [STDERR_REDIRECT] 
2025-11-01 09:47:22,732 [ERROR] LogOutputStream:75 - [STDERR_REDIRECT] Nov 01, 2025 9:47:22 AM java.util.prefs.FileSystemPreferences syncWorld
2025-11-01 09:47:22,733 [ERROR] LogOutputStream:75 - [STDERR_REDIRECT] WARNING: Couldn't flush system prefs: java.util.prefs.BackingStoreException: Couldn't get file lock.
2025-11-01 09:47:22,733 [ERROR] LogOutputStream:75 - [STDERR_REDIRECT] 
2025-11-01 09:47:52,730 [ERROR] LogOutputStream:75 - [STDERR_REDIRECT] Nov 01, 2025 9:47:52 AM java.util.prefs.FileSystemPreferences checkLockFile0ErrorCode
2025-11-01 09:47:52,731 [ERROR] LogOutputStream:75 - [STDERR_REDIRECT] WARNING: Could not lock System prefs. Unix error code 2.
2025-11-01 09:47:52,732 [ERROR] LogOutputStream:75 - [STDERR_REDIRECT] 
2025-11-01 09:47:52,733 [ERROR] LogOutputStream:75 - [STDERR_REDIRECT] Nov 01, 2025 9:47:52 AM java.util.prefs.FileSystemPreferences syncWorld
2025-11-01 09:47:52,734 [ERROR] LogOutputStream:75 - [STDERR_REDIRECT] WARNING: Couldn't flush system prefs: java.util.prefs.BackingStoreException: Couldn't get file lock.
2025-11-01 09:47:52,734 [ERROR] LogOutputStream:75 - [STDERR_REDIRECT] 
2025-11-01 09:48:22,730 [ERROR] LogOutputStream:75 - [STDERR_REDIRECT] Nov 01, 2025 9:48:22 AM java.util.prefs.FileSystemPreferences checkLockFile0ErrorCode
2025-11-01 09:48:22,731 [ERROR] LogOutputStream:75 - [STDERR_REDIRECT] WARNING: Could not lock System prefs. Unix error code 2.
2025-11-01 09:48:22,732 [ERROR] LogOutputStream:75 - [STDERR_REDIRECT] 
2025-11-01 09:48:22,734 [ERROR] LogOutputStream:75 - [STDERR_REDIRECT] Nov 01, 2025 9:48:22 AM java.util.prefs.FileSystemPreferences syncWorld
2025-11-01 09:48:22,735 [ERROR] LogOutputStream:75 - [STDERR_REDIRECT] WARNING: Couldn't flush system prefs: java.util.prefs.BackingStoreException: Couldn't get file lock.
2025-11-01 09:48:22,736 [ERROR] LogOutputStream:75 - [STDERR_REDIRECT] 
2025-11-01 09:48:52,729 [ERROR] LogOutputStream:75 - [STDERR_REDIRECT] Nov 01, 2025 9:48:52 AM java.util.prefs.FileSystemPreferences checkLockFile0ErrorCode
2025-11-01 09:48:52,730 [ERROR] LogOutputStream:75 - [STDERR_REDIRECT] WARNING: Could not lock System prefs. Unix error code 2.
2025-11-01 09:48:52,731 [ERROR] LogOutputStream:75 - [STDERR_REDIRECT] 
2025-11-01 09:48:52,733 [ERROR] LogOutputStream:75 - [STDERR_REDIRECT] Nov 01, 2025 9:48:52 AM java.util.prefs.FileSystemPreferences syncWorld
2025-11-01 09:48:52,736 [ERROR] LogOutputStream:75 - [STDERR_REDIRECT] WARNING: Couldn't flush system prefs: java.util.prefs.BackingStoreException: Couldn't get file lock.
2025-11-01 09:48:52,737 [ERROR] LogOutputStream:75 - [STDERR_REDIRECT] 
2025-11-01 09:49:22,728 [ERROR] LogOutputStream:75 - [STDERR_REDIRECT] Nov 01, 2025 9:49:22 AM java.util.prefs.FileSystemPreferences checkLockFile0ErrorCode
2025-11-01 09:49:22,729 [ERROR] LogOutputStream:75 - [STDERR_REDIRECT] WARNING: Could not lock System prefs. Unix error code 2.
2025-11-01 09:49:22,729 [ERROR] LogOutputStream:75 - [STDERR_REDIRECT] 
2025-11-01 09:49:22,731 [ERROR] LogOutputStream:75 - [STDERR_REDIRECT] Nov 01, 2025 9:49:22 AM java.util.prefs.FileSystemPreferences syncWorld
2025-11-01 09:49:22,731 [ERROR] LogOutputStream:75 - [STDERR_REDIRECT] WARNING: Couldn't flush system prefs: java.util.prefs.BackingStoreException: Couldn't get file lock.
2025-11-01 09:49:22,732 [ERROR] LogOutputStream:75 - [STDERR_REDIRECT] 
2025-11-01 09:49:52,729 [ERROR] LogOutputStream:75 - [STDERR_REDIRECT] Nov 01, 2025 9:49:52 AM java.util.prefs.FileSystemPreferences checkLockFile0ErrorCode
2025-11-01 09:49:52,729 [ERROR] LogOutputStream:75 - [STDERR_REDIRECT] WARNING: Could not lock System prefs. Unix error code 2.
2025-11-01 09:49:52,730 [ERROR] LogOutputStream:75 - [STDERR_REDIRECT] 
2025-11-01 09:49:52,731 [ERROR] LogOutputStream:75 - [STDERR_REDIRECT] Nov 01, 2025 9:49:52 AM java.util.prefs.FileSystemPreferences syncWorld
2025-11-01 09:49:52,732 [ERROR] LogOutputStream:75 - [STDERR_REDIRECT] WARNING: Couldn't flush system prefs: java.util.prefs.BackingStoreException: Couldn't get file lock.
2025-11-01 09:49:52,733 [ERROR] LogOutputStream:75 - [STDERR_REDIRECT] 
2025-11-01 09:50:05,544 [ERROR] LogOutputStream:75 - [STDERR_REDIRECT] 
2025-11-01 10:02:53,342 [INFO] Activator:176 - 


2025-11-01 10:02:53,351 [INFO] Activator:177 - !SESSION log4j initialized
2025-11-01 10:03:00,534 [INFO] LogOutputStream:77 - [STDOUT_REDIRECT] 
2025-11-01 10:03:09,364 [INFO] ApplicationProperties:184 - Using Application install path: /opt/st/stm32cubeide_1.19.0/plugins/com.st.stm32cube.common.mx_6.15.0.202507011659
2025-11-01 10:03:09,419 [INFO] DbMcusXml:78 - Set database path to: /opt/st/stm32cubeide_1.19.0/plugins/com.st.stm32cube.common.mx_6.15.0.202507011659//db//mcu/
2025-11-01 10:03:09,420 [INFO] ApiDb:274 - Set plugin database path to: /opt/st/stm32cubeide_1.19.0/plugins/com.st.stm32cube.common.mx_6.15.0.202507011659//db//plugins/boardmanager/
2025-11-01 10:03:09,422 [WARN] ApiDb:259 - Overriding images path with different value:  => /opt/st/stm32cubeide_1.19.0/plugins/com.st.stm32cube.common.mx_6.15.0.202507011659//db//plugins/mcufinder/images/
2025-11-01 10:03:09,435 [INFO] ApiDb:250 - Set database path to: /home/pc/.stmcufinder/plugins/mcufinder//mcu/
2025-11-01 10:03:09,438 [INFO] DbMcusAds:125 - Set database path to: /home/pc/.stmcufinder/plugins/mcufinder//mcu/
2025-11-01 10:03:09,445 [INFO] CrossReferenceDbSqlite:203 - Set database path to: /home/pc/.stmcufinder/plugins/mcufinder//mcu/cs/
2025-11-01 10:03:09,984 [INFO] RulesReader:64 - Compatibility file has been processed (317 Rules)
2025-11-01 10:03:10,315 [INFO] DbMcusXml:78 - Set database path to: /opt/st/stm32cubeide_1.19.0/plugins/com.st.stm32cube.common.mx_6.15.0.202507011659//db//mcu/
2025-11-01 10:03:10,315 [INFO] ApiDb:274 - Set plugin database path to: /opt/st/stm32cubeide_1.19.0/plugins/com.st.stm32cube.common.mx_6.15.0.202507011659//db//plugins/boardmanager/
2025-11-01 10:03:10,316 [INFO] ApiDb:261 - Set plugin images path to: /opt/st/stm32cubeide_1.19.0/plugins/com.st.stm32cube.common.mx_6.15.0.202507011659//db//plugins/mcufinder/images/
2025-11-01 10:03:10,316 [WARN] DbFile:41 - Overriding database path with different value: /home/pc/.stmcufinder/plugins/mcufinder/ => /home/pc/.stmcufinder/plugins/mcufinder
2025-11-01 10:03:10,317 [INFO] ApiDb:250 - Set database path to: /home/pc/.stmcufinder/plugins/mcufinder//mcu/
2025-11-01 10:03:10,317 [WARN] DbFile:41 - Overriding database path with different value: /home/pc/.stmcufinder/plugins/mcufinder/ => /home/pc/.stmcufinder/plugins/mcufinder
2025-11-01 10:03:10,317 [INFO] DbMcusAds:125 - Set database path to: /home/pc/.stmcufinder/plugins/mcufinder//mcu/
2025-11-01 10:03:10,318 [WARN] DbFile:41 - Overriding database path with different value: /home/pc/.stmcufinder/plugins/mcufinder/ => /home/pc/.stmcufinder/plugins/mcufinder
2025-11-01 10:03:10,318 [WARN] DbFile:41 - Overriding database path with different value: /home/pc/.stmcufinder/plugins/mcufinder/ => /home/pc/.stmcufinder/plugins/mcufinder
2025-11-01 10:03:10,319 [INFO] CrossReferenceDbSqlite:203 - Set database path to: /home/pc/.stmcufinder/plugins/mcufinder//mcu/cs/
2025-11-01 10:03:10,535 [INFO] MainPanel:274 - HeapMemory: 268435456
2025-11-01 10:03:10,919 [INFO] DbMcusXml:78 - Set database path to: /opt/st/stm32cubeide_1.19.0/plugins/com.st.stm32cube.common.mx_6.15.0.202507011659//db//mcu/
2025-11-01 10:03:10,920 [INFO] ApiDb:274 - Set plugin database path to: /opt/st/stm32cubeide_1.19.0/plugins/com.st.stm32cube.common.mx_6.15.0.202507011659//db//plugins/boardmanager/
2025-11-01 10:03:10,920 [INFO] ApiDb:261 - Set plugin images path to: /opt/st/stm32cubeide_1.19.0/plugins/com.st.stm32cube.common.mx_6.15.0.202507011659//db//plugins/mcufinder/images/
2025-11-01 10:03:10,922 [WARN] DbFile:41 - Overriding database path with different value: /home/pc/.stmcufinder/plugins/mcufinder/ => /home/pc/.stmcufinder/plugins/mcufinder
2025-11-01 10:03:10,922 [INFO] ApiDb:250 - Set database path to: /home/pc/.stmcufinder/plugins/mcufinder//mcu/
2025-11-01 10:03:10,922 [WARN] DbFile:41 - Overriding database path with different value: /home/pc/.stmcufinder/plugins/mcufinder/ => /home/pc/.stmcufinder/plugins/mcufinder
2025-11-01 10:03:10,923 [INFO] DbMcusAds:125 - Set database path to: /home/pc/.stmcufinder/plugins/mcufinder//mcu/
2025-11-01 10:03:10,923 [WARN] DbFile:41 - Overriding database path with different value: /home/pc/.stmcufinder/plugins/mcufinder/ => /home/pc/.stmcufinder/plugins/mcufinder
2025-11-01 10:03:10,923 [WARN] DbFile:41 - Overriding database path with different value: /home/pc/.stmcufinder/plugins/mcufinder/ => /home/pc/.stmcufinder/plugins/mcufinder
2025-11-01 10:03:10,924 [INFO] CrossReferenceDbSqlite:203 - Set database path to: /home/pc/.stmcufinder/plugins/mcufinder//mcu/cs/
2025-11-01 10:03:10,984 [INFO] ApplicationProperties:184 - Using Application install path: /opt/st/stm32cubeide_1.19.0/plugins/com.st.stm32cube.common.mx_6.15.0.202507011659
2025-11-01 10:03:10,989 [INFO] PluginManage:196 - Search for loadable plugins [exclusion list=, ]
2025-11-01 10:03:10,992 [INFO] PluginManage:310 - Check plugin analytics
2025-11-01 10:03:11,814 [INFO] AnalyticsPlugin:253 - Accepted Software Licenses: 
2025-11-01 10:03:11,815 [INFO] AnalyticsPlugin:255 - Accepted CMSIS Pack Licenses: 
2025-11-01 10:03:11,816 [INFO] AnalyticsPlugin:257 - Accepted Firmware Licenses: 
2025-11-01 10:03:11,846 [INFO] PluginManage:359 - Loaded plugin analytics (category:tool,tabindex:-1)
2025-11-01 10:03:11,847 [INFO] PluginManage:310 - Check plugin cadmodel
2025-11-01 10:03:11,861 [INFO] CADModel:105 - Init CAD model plugin
2025-11-01 10:03:11,862 [INFO] PluginManage:359 - Loaded plugin cadmodel (category:power,tabindex:5)
2025-11-01 10:03:11,863 [INFO] PluginManage:310 - Check plugin clock
2025-11-01 10:03:11,899 [INFO] PluginManage:359 - Loaded plugin clock (category:base,tabindex:2)
2025-11-01 10:03:11,899 [INFO] PluginManage:310 - Check plugin ddr
2025-11-01 10:03:11,907 [INFO] PluginManage:359 - Loaded plugin ddr (category:tool,tabindex:6)
2025-11-01 10:03:11,909 [INFO] PluginManage:310 - Check plugin filemanager
2025-11-01 10:03:12,446 [INFO] PluginManage:359 - Loaded plugin filemanager (category:base,tabindex:10)
2025-11-01 10:03:12,447 [INFO] PluginManage:310 - Check plugin ipmanager
2025-11-01 10:03:12,461 [INFO] PluginManage:359 - Loaded plugin ipmanager (category:base,tabindex:5)
2025-11-01 10:03:12,462 [INFO] PluginManage:310 - Check plugin lpbam
2025-11-01 10:03:12,485 [INFO] PluginManage:359 - Loaded plugin lpbam (category:base,tabindex:0)
2025-11-01 10:03:12,485 [INFO] PluginManage:310 - Check plugin memorymap
2025-11-01 10:03:12,513 [INFO] PluginManage:359 - Loaded plugin memorymap (category:base,tabindex:4)
2025-11-01 10:03:12,513 [INFO] PluginManage:310 - Check plugin pinoutandconfiguration
2025-11-01 10:03:12,583 [INFO] PluginManage:359 - Loaded plugin pinoutandconfiguration (category:base,tabindex:1)
2025-11-01 10:03:12,584 [INFO] PluginManage:310 - Check plugin pinoutconfig
2025-11-01 10:03:13,094 [WARN] SupportedApi:132 - Cannot load RTOS API schema: s4s-elt-must-match.1: The content of 'definitions' must match (annotation?, (simpleType | complexType)?, (unique | key | keyref)*)). A problem was found starting at: attribute.
2025-11-01 10:03:13,708 [INFO] PluginManage:359 - Loaded plugin pinoutconfig (category:base,tabindex:0)
2025-11-01 10:03:13,709 [INFO] PluginManage:310 - Check plugin power
2025-11-01 10:03:13,747 [INFO] PluginManage:359 - Loaded plugin power (category:power,tabindex:4)
2025-11-01 10:03:13,748 [INFO] PluginManage:310 - Check plugin projectmanager
2025-11-01 10:03:13,824 [INFO] PluginManage:359 - Loaded plugin projectmanager (category:projectmanager,tabindex:4)
2025-11-01 10:03:13,825 [INFO] PluginManage:310 - Check plugin rif
2025-11-01 10:03:13,860 [INFO] PluginManage:359 - Loaded plugin rif (category:base,tabindex:3)
2025-11-01 10:03:13,861 [INFO] PluginManage:310 - Check plugin thirdparty
2025-11-01 10:03:14,295 [WARN] IntegrityCheckThread:84 - waiting for thirdparty lock release [integrity check]
2025-11-01 10:03:14,296 [INFO] PluginManage:359 - Loaded plugin thirdparty (category:base,tabindex:-1)
2025-11-01 10:03:14,297 [INFO] IntegrityCheckThread:86 - entering critical section [integrity check]
2025-11-01 10:03:14,297 [INFO] PluginManage:310 - Check plugin tools
2025-11-01 10:03:14,299 [INFO] ThirdPartyUpdaterWithRetryManager:70 - Updater plugin not ready yet. [1/15]
2025-11-01 10:03:14,303 [INFO] PluginManage:359 - Loaded plugin tools (category:base,tabindex:7)
2025-11-01 10:03:14,304 [INFO] PluginManage:310 - Check plugin tutovideos
2025-11-01 10:03:14,878 [INFO] PluginManage:359 - Loaded plugin tutovideos (category:base,tabindex:-1)
2025-11-01 10:03:14,879 [INFO] PluginManage:310 - Check plugin updater
2025-11-01 10:03:14,951 [INFO] PluginManage:359 - Loaded plugin updater (category:base,tabindex:12)
2025-11-01 10:03:14,952 [INFO] PluginManage:310 - Check plugin userauth
2025-11-01 10:03:14,965 [INFO] UserAuth:118 - Init User Auth plugin
2025-11-01 10:03:14,968 [INFO] PluginManage:359 - Loaded plugin userauth (category:base,tabindex:14)
2025-11-01 10:03:14,970 [INFO] PluginManage:283 - PluginManage : Loaded plugins [18]
2025-11-01 10:03:15,579 [INFO] PinOutPanel:1589 - setPackage(No Configuration,No Configuration)
2025-11-01 10:03:15,828 [INFO] CADModel:165 - CPN selected for project level
2025-11-01 10:03:15,829 [INFO] CADModel:114 - Register for checkConnection events
2025-11-01 10:03:15,873 [INFO] IPUIPlugin:80 - create IPUIPlugin
2025-11-01 10:03:15,874 [INFO] PluginManager:220 - loadIPPluginJar : add fmc
2025-11-01 10:03:15,894 [INFO] IPUIPlugin:80 - create IPUIPlugin
2025-11-01 10:03:15,896 [INFO] PluginManager:220 - loadIPPluginJar : add mdma
2025-11-01 10:03:15,907 [INFO] IPUIPlugin:80 - create IPUIPlugin
2025-11-01 10:03:15,907 [INFO] PluginManager:220 - loadIPPluginJar : add ipddr
2025-11-01 10:03:15,912 [INFO] IPUIPlugin:80 - create IPUIPlugin
2025-11-01 10:03:15,915 [INFO] PluginManager:220 - loadIPPluginJar : add radio
2025-11-01 10:03:15,919 [INFO] IPUIPlugin:80 - create IPUIPlugin
2025-11-01 10:03:15,920 [INFO] PluginManager:220 - loadIPPluginJar : add quadspi
2025-11-01 10:03:15,925 [INFO] IPUIPlugin:80 - create IPUIPlugin
2025-11-01 10:03:15,925 [INFO] PluginManager:220 - loadIPPluginJar : add tsc
2025-11-01 10:03:15,933 [INFO] IPUIPlugin:80 - create IPUIPlugin
2025-11-01 10:03:15,934 [INFO] PluginManager:220 - loadIPPluginJar : add resmgrutility
2025-11-01 10:03:15,941 [INFO] IPUIPlugin:80 - create IPUIPlugin
2025-11-01 10:03:15,942 [INFO] PluginManager:220 - loadIPPluginJar : add openamp
2025-11-01 10:03:15,949 [INFO] IPUIPlugin:80 - create IPUIPlugin
2025-11-01 10:03:15,950 [INFO] PluginManager:220 - loadIPPluginJar : add gtzc
2025-11-01 10:03:15,956 [INFO] IPUIPlugin:80 - create IPUIPlugin
2025-11-01 10:03:15,957 [INFO] PluginManager:220 - loadIPPluginJar : add tracer_emb
2025-11-01 10:03:15,970 [INFO] IPUIPlugin:80 - create IPUIPlugin
2025-11-01 10:03:15,971 [INFO] PluginManager:220 - loadIPPluginJar : add gpio
2025-11-01 10:03:15,980 [INFO] IPUIPlugin:80 - create IPUIPlugin
2025-11-01 10:03:15,981 [INFO] PluginManager:220 - loadIPPluginJar : add i3c
2025-11-01 10:03:15,999 [INFO] IPUIPlugin:80 - create IPUIPlugin
2025-11-01 10:03:16,000 [INFO] PluginManager:220 - loadIPPluginJar : add dma
2025-11-01 10:03:16,006 [INFO] IPUIPlugin:80 - create IPUIPlugin
2025-11-01 10:03:16,007 [INFO] PluginManager:220 - loadIPPluginJar : add cryp
2025-11-01 10:03:16,029 [INFO] IPUIPlugin:80 - create IPUIPlugin
2025-11-01 10:03:16,029 [INFO] PluginManager:220 - loadIPPluginJar : add linkedlist
2025-11-01 10:03:16,051 [INFO] IPUIPlugin:80 - create IPUIPlugin
2025-11-01 10:03:16,052 [INFO] PluginManager:220 - loadIPPluginJar : add stm32_wpan
2025-11-01 10:03:16,060 [INFO] IPUIPlugin:80 - create IPUIPlugin
2025-11-01 10:03:16,061 [INFO] PluginManager:220 - loadIPPluginJar : add can
2025-11-01 10:03:16,066 [INFO] IPUIPlugin:80 - create IPUIPlugin
2025-11-01 10:03:16,066 [INFO] PluginManager:220 - loadIPPluginJar : add comp
2025-11-01 10:03:16,071 [INFO] IPUIPlugin:80 - create IPUIPlugin
2025-11-01 10:03:16,072 [INFO] PluginManager:220 - loadIPPluginJar : add fatfs
2025-11-01 10:03:16,093 [INFO] IPUIPlugin:80 - create IPUIPlugin
2025-11-01 10:03:16,104 [INFO] PluginManager:220 - loadIPPluginJar : add plateformsettings
2025-11-01 10:03:16,110 [INFO] IPUIPlugin:80 - create IPUIPlugin
2025-11-01 10:03:16,111 [INFO] PluginManager:220 - loadIPPluginJar : add ddr_ctrl_phy
2025-11-01 10:03:16,115 [INFO] IPUIPlugin:80 - create IPUIPlugin
2025-11-01 10:03:16,116 [INFO] PluginManager:220 - loadIPPluginJar : add ucpd
2025-11-01 10:03:16,120 [INFO] IPUIPlugin:80 - create IPUIPlugin
2025-11-01 10:03:16,121 [INFO] PluginManager:220 - loadIPPluginJar : add genericplugin
2025-11-01 10:03:16,126 [INFO] IPUIPlugin:80 - create IPUIPlugin
2025-11-01 10:03:16,127 [INFO] PluginManager:220 - loadIPPluginJar : add dma3
2025-11-01 10:03:16,130 [INFO] IPUIPlugin:80 - create IPUIPlugin
2025-11-01 10:03:16,131 [INFO] PluginManager:220 - loadIPPluginJar : add ltdc
2025-11-01 10:03:16,140 [INFO] IPUIPlugin:80 - create IPUIPlugin
2025-11-01 10:03:16,141 [INFO] PluginManager:220 - loadIPPluginJar : add nvic
2025-11-01 10:03:16,148 [INFO] IPUIPlugin:80 - create IPUIPlugin
2025-11-01 10:03:16,148 [INFO] PluginManager:220 - loadIPPluginJar : add i2c
2025-11-01 10:03:16,152 [INFO] IPUIPlugin:80 - create IPUIPlugin
2025-11-01 10:03:16,153 [INFO] PluginManager:220 - loadIPPluginJar : add tim
2025-11-01 10:03:16,158 [INFO] IPUIPlugin:80 - create IPUIPlugin
2025-11-01 10:03:16,159 [INFO] PluginManager:220 - loadIPPluginJar : add gfxmmu
2025-11-01 10:03:16,166 [INFO] IPUIPlugin:80 - create IPUIPlugin
2025-11-01 10:03:16,167 [INFO] PluginManager:220 - loadIPPluginJar : add opamp
2025-11-01 10:03:16,173 [INFO] IPUIPlugin:80 - create IPUIPlugin
2025-11-01 10:03:16,173 [INFO] PluginManager:220 - loadIPPluginJar : add hash
2025-11-01 10:03:16,180 [INFO] IPUIPlugin:80 - create IPUIPlugin
2025-11-01 10:03:16,181 [INFO] PluginManager:220 - loadIPPluginJar : add pdm2pcm
2025-11-01 10:03:16,188 [INFO] IPUIPlugin:80 - create IPUIPlugin
2025-11-01 10:03:16,189 [INFO] PluginManager:220 - loadIPPluginJar : add usbx
2025-11-01 10:03:16,194 [INFO] IPUIPlugin:80 - create IPUIPlugin
2025-11-01 10:03:16,195 [INFO] PluginManager:220 - loadIPPluginJar : add spi
2025-11-01 10:03:16,203 [INFO] IPUIPlugin:80 - create IPUIPlugin
2025-11-01 10:03:16,204 [INFO] PluginManager:220 - loadIPPluginJar : add touchsensing
2025-11-01 10:03:16,211 [INFO] IPUIPlugin:80 - create IPUIPlugin
2025-11-01 10:03:16,212 [INFO] PluginManager:220 - loadIPPluginJar : add sai
2025-11-01 10:03:16,225 [INFO] IPUIPlugin:80 - create IPUIPlugin
2025-11-01 10:03:16,226 [INFO] PluginManager:220 - loadIPPluginJar : add gic
2025-11-01 10:03:16,233 [INFO] IPUIPlugin:80 - create IPUIPlugin
2025-11-01 10:03:16,234 [INFO] PluginManager:220 - loadIPPluginJar : add extmemmanager
2025-11-01 10:03:16,240 [INFO] IPUIPlugin:80 - create IPUIPlugin
2025-11-01 10:03:16,241 [INFO] PluginManager:220 - loadIPPluginJar : add dfsdm
2025-11-01 10:03:16,247 [INFO] IPUIPlugin:80 - create IPUIPlugin
2025-11-01 10:03:16,248 [INFO] PluginManager:220 - loadIPPluginJar : add usart
2025-11-01 10:03:16,263 [INFO] IPUIPlugin:80 - create IPUIPlugin
2025-11-01 10:03:16,264 [INFO] PluginManager:220 - loadIPPluginJar : add adc
2025-11-01 10:03:16,270 [INFO] IPUIPlugin:80 - create IPUIPlugin
2025-11-01 10:03:16,271 [INFO] PluginManager:220 - loadIPPluginJar : add aes
2025-11-01 10:03:16,275 [INFO] IPUIPlugin:80 - create IPUIPlugin
2025-11-01 10:03:16,275 [INFO] PluginManager:220 - loadIPPluginJar : add ts
2025-11-01 10:03:16,288 [INFO] IPUIPlugin:80 - create IPUIPlugin
2025-11-01 10:03:16,289 [INFO] PluginManager:220 - loadIPPluginJar : add freertos
2025-11-01 10:03:16,295 [INFO] IPUIPlugin:80 - create IPUIPlugin
2025-11-01 10:03:16,295 [INFO] PluginManager:220 - loadIPPluginJar : add lorawan
2025-11-01 10:03:16,302 [INFO] IPUIPlugin:80 - create IPUIPlugin
2025-11-01 10:03:16,302 [INFO] PluginManager:220 - loadIPPluginJar : add i2s
2025-11-01 10:03:16,565 [FATAL] Updater:351 - Updater called before beeing initialized
2025-11-01 10:03:16,729 [INFO] RulesReader:64 - Compatibility file has been processed (317 Rules)
2025-11-01 10:03:16,797 [INFO] RulesReader:64 - Compatibility file has been processed (317 Rules)
2025-11-01 10:03:16,828 [INFO] CADModel:165 - CPN selected for project level
2025-11-01 10:03:16,829 [INFO] CADModel:114 - Register for checkConnection events
2025-11-01 10:03:16,830 [FATAL] Updater:351 - Updater called before beeing initialized
2025-11-01 10:03:16,830 [ERROR] CADModel:125 - Updater not yet initialized, retry later 
2025-11-01 10:03:17,300 [INFO] ThirdPartyUpdaterWithRetryManager:70 - Updater plugin not ready yet. [2/15]
2025-11-01 10:03:17,372 [FATAL] Updater:351 - Updater called before beeing initialized
2025-11-01 10:03:17,378 [INFO] CADModel:165 - CPN selected for project level
2025-11-01 10:03:17,379 [INFO] CADModel:114 - Register for checkConnection events
2025-11-01 10:03:17,379 [FATAL] Updater:351 - Updater called before beeing initialized
2025-11-01 10:03:17,380 [ERROR] CADModel:125 - Updater not yet initialized, retry later 
2025-11-01 10:03:17,394 [FATAL] Updater:351 - Updater called before beeing initialized
2025-11-01 10:03:17,702 [FATAL] Updater:351 - Updater called before beeing initialized
2025-11-01 10:03:17,714 [INFO] DbMcusAds:53 - JSON generation date=Tue Jul 08 11:14:23 EAT 2025 (1751962463582)
2025-11-01 10:03:17,715 [FATAL] Updater:351 - Updater called before beeing initialized
2025-11-01 10:03:17,792 [ERROR] IconsList:415 - IO error while reading file com/st/microxplorer/image/default_ad.jpg
